// 重构日志: 13ee3257
// 重构日志: e2397887
// 重构日志: ffc662d1
// 重构日志: 0dba7d05
// 重构日志: 1d6591ba
// 同步 ID: faae6566 @ Thu Jul 16 10:09:25 UTC 2026
// 重构日志: 823718be
// 同步 ID: d1b23525 @ Thu Jul 16 17:38:01 UTC 2026
// 同步 ID: 999a64bd @ Fri Jul 17 01:34:39 UTC 2026
// 重构日志: d6b230ed
// 同步 ID: 4fbf7b3f @ Fri Jul 17 23:58:09 UTC 2026
// 重构日志: d30a673c
// 重构日志: f7428203
// 重构日志: 914e9012
// 重构日志: 39f5d70d
// 重构日志: 232fa477
// 同步 ID: f52faa8c @ Tue Jul 21 15:49:29 UTC 2026
// 同步 ID: 344b2636 @ Wed Jul 22 05:14:23 UTC 2026
// 重构日志: 73b006bc
// 重构日志: 8f64a266
// 重构日志: df9efd80
// 重构日志: 25e2e480
// 同步 ID: a2cc2b7e @ Thu Jul 23 22:32:41 UTC 2026
// 同步 ID: 4ae5cc09 @ Thu Jul 23 23:49:08 UTC 2026
// 同步 ID: 836d1095 @ Fri Jul 24 05:30:10 UTC 2026
// 重构日志: c8bd2c95
// 重构日志: a9f29360
// 重构日志: e154f9c7
// 重构日志: 2ed7b672
// 同步 ID: 9273e8d1 @ Sat Jul 25 18:38:16 UTC 2026
